- ''
- ' <fg=#ef4444>❗</>Found 1 references in 1 files.'
