 [<line-num>   1</line-num>]        $test = 123;                                                