 [<line-num>   1</line-num>] <pointer>══════❱</pointer>$test = 123;                                                