- none
- bold
- dark
- italic
- underline
- blink
- reverse
- concealed
- default
- black
- red
- green
- yellow
- blue
- magenta
- cyan
- light_gray
- dark_gray
- light_red
- light_green
- light_yellow
- light_blue
- light_magenta
- light_cyan
- white
- bg_default
- bg_black
- bg_red
- bg_green
- bg_yellow
- bg_blue
- bg_magenta
- bg_cyan
- bg_light_gray
- bg_dark_gray
- bg_light_red
- bg_light_green
- bg_light_yellow
- bg_light_blue
- bg_light_magenta
- bg_light_cyan
- bg_white
