       1▕  ray('12345');                                                               
       2▕                                                                                  
 ❱❱    3▕      echo strtolower('TEST') . PHP_EOL;
