- |

- |4
     Filename: ./tests/fixtures/fixture1.php
- |4
     Line Num: 2
- |4
     Found   : <target-call>ray</target-call>
- |4
     ------
- |4+
           1▕  ray('12345');                                                               
     ❱❱    2▕                                                                                  
           3▕      echo strtolower('TEST') . PHP_EOL;                                          
           4▕                                                                                  
           5▕      echo strtoupper('test') . PHP_EOL;

- |

- |4
     ---
- |4
     Found 1 function calls in 1 files.
