- ' <fg=#3B82F6>❱</> scanning for ray calls...'
- ' <fg=#3B82F6>❱</> scan complete.'
- ' <fg=#169b3c>✔</> No references to ray were found.'
