- ' 0/1 [░░░░░░░░░░░░░░░░░░░░░░░░░░░░]   0%'
- |-

     1/1 [▓▓▓▓▓▓▓▓▓▓▓▓▓▓▓▓▓▓▓▓▓▓▓▓▓▓▓▓] 100%
- |+


- |

- |
    ---
- |
    Found 1 function calls in 1 files.
